Testing with parameters: n_elements=1, n_additions=78125
Running workers ... 
Done
Joining workers ... 
Done
OK
