Testing with parameters: n_elements=3, n_additions=15625
Running workers ... 
Done
Joining workers ... 
Done
OK
