Testing with parameters: n_elements=27, n_additions=5
Running workers ... 
Done
Joining workers ... 
Done
OK
