Testing with parameters: n_elements=27, n_additions=625
Running workers ... 
Done
Joining workers ... 
Done
OK
