Testing with parameters: n_elements=81, n_additions=25
Running workers ... 
Done
Joining workers ... 
Done
OK
