Testing with parameters: n_elements=81, n_additions=3125
Running workers ... 
Done
Joining workers ... 
Done
OK
